Archive member included to satisfy reference by file (symbol)

c:/program files (x86)/atmel/studio/7.0/toolchain/avr8/avr8-gnu-toolchain/bin/../lib/gcc/avr/5.4.0/avr5\libgcc.a(_exit.o)
                              C:/Program Files (x86)/Atmel/Studio/7.0/Packs/atmel/ATmega_DFP/1.1.130/gcc/dev/atmega328p/avr5/crtatmega328p.o (exit)
c:/program files (x86)/atmel/studio/7.0/toolchain/avr8/avr8-gnu-toolchain/bin/../lib/gcc/avr/5.4.0/avr5\libgcc.a(_copy_data.o)
                              ArduinoUnoFreertos.o (__do_copy_data)
c:/program files (x86)/atmel/studio/7.0/toolchain/avr8/avr8-gnu-toolchain/bin/../lib/gcc/avr/5.4.0/avr5\libgcc.a(_clear_bss.o)
                              ArduinoUnoFreertos.o (__do_clear_bss)
c:/program files (x86)/atmel/studio/7.0/toolchain/avr8/avr8-gnu-toolchain/bin/../lib/gcc/avr/5.4.0/../../../../avr/lib/avr5\libc.a(memcpy.o)
                              Source/queue.o (memcpy)

Allocating common symbols
Common symbol       size              file

lastInterrupt       0x4               ArduinoUnoFreertos.o
xQueue              0x2               ArduinoUnoFreertos.o

Discarded input sections

 .data          0x00000000        0x0 C:/Program Files (x86)/Atmel/Studio/7.0/Packs/atmel/ATmega_DFP/1.1.130/gcc/dev/atmega328p/avr5/crtatmega328p.o
 .bss           0x00000000        0x0 C:/Program Files (x86)/Atmel/Studio/7.0/Packs/atmel/ATmega_DFP/1.1.130/gcc/dev/atmega328p/avr5/crtatmega328p.o
 .text          0x00000000        0x0 ArduinoUnoFreertos.o
 .data          0x00000000        0x0 ArduinoUnoFreertos.o
 .bss           0x00000000        0x0 ArduinoUnoFreertos.o
 .text          0x00000000        0x0 Source/croutine.o
 .data          0x00000000        0x0 Source/croutine.o
 .bss           0x00000000        0x0 Source/croutine.o
 .text.xCoRoutineCreate
                0x00000000       0xf0 Source/croutine.o
 .text.vCoRoutineAddToDelayedList
                0x00000000       0x86 Source/croutine.o
 .text.vCoRoutineSchedule
                0x00000000      0x274 Source/croutine.o
 .text.xCoRoutineRemoveFromEventList
                0x00000000       0x4a Source/croutine.o
 .bss.xPassedTicks
                0x00000000        0x2 Source/croutine.o
 .bss.xLastTickCount
                0x00000000        0x2 Source/croutine.o
 .bss.xCoRoutineTickCount
                0x00000000        0x2 Source/croutine.o
 .bss.uxTopCoRoutineReadyPriority
                0x00000000        0x1 Source/croutine.o
 .bss.pxCurrentCoRoutine
                0x00000000        0x2 Source/croutine.o
 .bss.xPendingReadyCoRoutineList
                0x00000000        0x9 Source/croutine.o
 .bss.pxOverflowDelayedCoRoutineList
                0x00000000        0x2 Source/croutine.o
 .bss.pxDelayedCoRoutineList
                0x00000000        0x2 Source/croutine.o
 .bss.xDelayedCoRoutineList2
                0x00000000        0x9 Source/croutine.o
 .bss.xDelayedCoRoutineList1
                0x00000000        0x9 Source/croutine.o
 .bss.pxReadyCoRoutineLists
                0x00000000       0x12 Source/croutine.o
 .debug_info    0x00000000      0x77d Source/croutine.o
 .debug_abbrev  0x00000000      0x22b Source/croutine.o
 .debug_loc     0x00000000      0x3eb Source/croutine.o
 .debug_aranges
                0x00000000       0x38 Source/croutine.o
 .debug_ranges  0x00000000       0x28 Source/croutine.o
 .debug_line    0x00000000      0x348 Source/croutine.o
 .debug_str     0x00000000      0x54d Source/croutine.o
 .comment       0x00000000       0x31 Source/croutine.o
 .debug_frame   0x00000000       0xc0 Source/croutine.o
 .text          0x00000000        0x0 Source/event_groups.o
 .data          0x00000000        0x0 Source/event_groups.o
 .bss           0x00000000        0x0 Source/event_groups.o
 .text.xEventGroupCreate
                0x00000000       0x26 Source/event_groups.o
 .text.xEventGroupWaitBits
                0x00000000      0x110 Source/event_groups.o
 .text.xEventGroupClearBits
                0x00000000       0x1e Source/event_groups.o
 .text.xEventGroupGetBitsFromISR
                0x00000000        0x8 Source/event_groups.o
 .text.xEventGroupSetBits
                0x00000000       0xdc Source/event_groups.o
 .text.xEventGroupSync
                0x00000000       0xd2 Source/event_groups.o
 .text.vEventGroupDelete
                0x00000000       0x32 Source/event_groups.o
 .text.vEventGroupSetBitsCallback
                0x00000000        0x8 Source/event_groups.o
 .text.vEventGroupClearBitsCallback
                0x00000000        0x8 Source/event_groups.o
 .debug_info    0x00000000      0x8ed Source/event_groups.o
 .debug_abbrev  0x00000000      0x205 Source/event_groups.o
 .debug_loc     0x00000000      0xb40 Source/event_groups.o
 .debug_aranges
                0x00000000       0x60 Source/event_groups.o
 .debug_ranges  0x00000000       0x68 Source/event_groups.o
 .debug_line    0x00000000      0x3d3 Source/event_groups.o
 .debug_str     0x00000000      0x59d Source/event_groups.o
 .comment       0x00000000       0x31 Source/event_groups.o
 .debug_frame   0x00000000      0x158 Source/event_groups.o
 .text          0x00000000        0x0 Source/list.o
 .data          0x00000000        0x0 Source/list.o
 .bss           0x00000000        0x0 Source/list.o
 .text          0x00000000        0x0 Source/portable/GCC/Atmega328p/port.o
 .data          0x00000000        0x0 Source/portable/GCC/Atmega328p/port.o
 .bss           0x00000000        0x0 Source/portable/GCC/Atmega328p/port.o
 .text.vPortEndScheduler
                0x00000000        0x2 Source/portable/GCC/Atmega328p/port.o
 .text          0x00000000        0x0 Source/portable/MemMang/heap_2.o
 .data          0x00000000        0x0 Source/portable/MemMang/heap_2.o
 .bss           0x00000000        0x0 Source/portable/MemMang/heap_2.o
 .text.xPortGetFreeHeapSize
                0x00000000        0xa Source/portable/MemMang/heap_2.o
 .text.vPortInitialiseBlocks
                0x00000000        0x2 Source/portable/MemMang/heap_2.o
 .text          0x00000000        0x0 Source/queue.o
 .data          0x00000000        0x0 Source/queue.o
 .bss           0x00000000        0x0 Source/queue.o
 .text.xQueueGenericSend
                0x00000000      0x142 Source/queue.o
 .text.xQueueCreateMutex
                0x00000000       0x58 Source/queue.o
 .text.xQueueGiveFromISR
                0x00000000       0x56 Source/queue.o
 .text.xQueueReceiveFromISR
                0x00000000       0x66 Source/queue.o
 .text.xQueuePeekFromISR
                0x00000000       0x2e Source/queue.o
 .text.uxQueueMessagesWaiting
                0x00000000       0x10 Source/queue.o
 .text.uxQueueSpacesAvailable
                0x00000000       0x14 Source/queue.o
 .text.uxQueueMessagesWaitingFromISR
                0x00000000        0x6 Source/queue.o
 .text.vQueueDelete
                0x00000000        0x6 Source/queue.o
 .text.xQueueIsQueueEmptyFromISR
                0x00000000        0xc Source/queue.o
 .text.xQueueIsQueueFullFromISR
                0x00000000        0xe Source/queue.o
 .text.xQueueCRSend
                0x00000000       0x72 Source/queue.o
 .text.xQueueCRReceive
                0x00000000       0x92 Source/queue.o
 .text.xQueueCRSendFromISR
                0x00000000       0x48 Source/queue.o
 .text.xQueueCRReceiveFromISR
                0x00000000       0x82 Source/queue.o
 .text          0x00000000        0x0 Source/tasks.o
 .data          0x00000000        0x0 Source/tasks.o
 .bss           0x00000000        0x0 Source/tasks.o
 .text.vTaskDelete
                0x00000000       0x8e Source/tasks.o
 .text.uxTaskPriorityGet
                0x00000000       0x1c Source/tasks.o
 .text.uxTaskPriorityGetFromISR
                0x00000000       0x12 Source/tasks.o
 .text.vTaskPrioritySet
                0x00000000       0xfa Source/tasks.o
 .text.vTaskResume
                0x00000000       0x9e Source/tasks.o
 .text.xTaskResumeFromISR
                0x00000000       0xc2 Source/tasks.o
 .text.vTaskEndScheduler
                0x00000000        0xc Source/tasks.o
 .text.uxTaskGetNumberOfTasks
                0x00000000        0x6 Source/tasks.o
 .text.pcTaskGetTaskName
                0x00000000       0x10 Source/tasks.o
 .text.xTaskGetIdleTaskHandle
                0x00000000        0xa Source/tasks.o
 .text.vTaskDelay
                0x00000000       0x40 Source/tasks.o
 .text.vTaskSuspend
                0x00000000       0x9e Source/tasks.o
 .text.vTaskPlaceOnUnorderedEventList
                0x00000000       0x66 Source/tasks.o
 .text.xTaskRemoveFromUnorderedEventList
                0x00000000       0x74 Source/tasks.o
 .text.xTaskGetCurrentTaskHandle
                0x00000000        0xa Source/tasks.o
 .text.xTaskGetSchedulerState
                0x00000000       0x1c Source/tasks.o
 .text.uxTaskResetEventItemValue
                0x00000000       0x2e Source/tasks.o
 .text.ulTaskNotifyTake
                0x00000000       0xec Source/tasks.o
 .text.xTaskNotifyWait
                0x00000000      0x13e Source/tasks.o
 .text.xTaskGenericNotify
                0x00000000       0xfc Source/tasks.o
 .text.xTaskNotifyFromISR
                0x00000000      0x110 Source/tasks.o
 .text.vTaskNotifyGiveFromISR
                0x00000000       0xae Source/tasks.o
 .text.pcGetTaskName
                0x00000000        0xc Source/tasks.o
 .text          0x00000000        0x0 Source/timers.o
 .data          0x00000000        0x0 Source/timers.o
 .bss           0x00000000        0x0 Source/timers.o
 .debug_info    0x00000000       0x64 Source/timers.o
 .debug_abbrev  0x00000000       0x26 Source/timers.o
 .debug_aranges
                0x00000000       0x18 Source/timers.o
 .debug_line    0x00000000       0x1a Source/timers.o
 .debug_str     0x00000000      0x181 Source/timers.o
 .comment       0x00000000       0x31 Source/timers.o
 .text          0x00000000        0x0 Source/WInterrupts.o
 .data          0x00000000        0x0 Source/WInterrupts.o
 .bss           0x00000000        0x0 Source/WInterrupts.o
 .text.detachInterrupt
                0x00000000       0x26 Source/WInterrupts.o
 .text          0x00000000        0x0 USART/USART.o
 .data          0x00000000        0x0 USART/USART.o
 .bss           0x00000000        0x0 USART/USART.o
 .text.USART_receive
                0x00000000       0x10 USART/USART.o
 .text          0x00000000        0x0 c:/program files (x86)/atmel/studio/7.0/toolchain/avr8/avr8-gnu-toolchain/bin/../lib/gcc/avr/5.4.0/avr5\libgcc.a(_exit.o)
 .data          0x00000000        0x0 c:/program files (x86)/atmel/studio/7.0/toolchain/avr8/avr8-gnu-toolchain/bin/../lib/gcc/avr/5.4.0/avr5\libgcc.a(_exit.o)
 .bss           0x00000000        0x0 c:/program files (x86)/atmel/studio/7.0/toolchain/avr8/avr8-gnu-toolchain/bin/../lib/gcc/avr/5.4.0/avr5\libgcc.a(_exit.o)
 .text.libgcc.mul
                0x00000000        0x0 c:/program files (x86)/atmel/studio/7.0/toolchain/avr8/avr8-gnu-toolchain/bin/../lib/gcc/avr/5.4.0/avr5\libgcc.a(_exit.o)
 .text.libgcc.div
                0x00000000        0x0 c:/program files (x86)/atmel/studio/7.0/toolchain/avr8/avr8-gnu-toolchain/bin/../lib/gcc/avr/5.4.0/avr5\libgcc.a(_exit.o)
 .text.libgcc   0x00000000        0x0 c:/program files (x86)/atmel/studio/7.0/toolchain/avr8/avr8-gnu-toolchain/bin/../lib/gcc/avr/5.4.0/avr5\libgcc.a(_exit.o)
 .text.libgcc.prologue
                0x00000000        0x0 c:/program files (x86)/atmel/studio/7.0/toolchain/avr8/avr8-gnu-toolchain/bin/../lib/gcc/avr/5.4.0/avr5\libgcc.a(_exit.o)
 .text.libgcc.builtins
                0x00000000        0x0 c:/program files (x86)/atmel/studio/7.0/toolchain/avr8/avr8-gnu-toolchain/bin/../lib/gcc/avr/5.4.0/avr5\libgcc.a(_exit.o)
 .text.libgcc.fmul
                0x00000000        0x0 c:/program files (x86)/atmel/studio/7.0/toolchain/avr8/avr8-gnu-toolchain/bin/../lib/gcc/avr/5.4.0/avr5\libgcc.a(_exit.o)
 .text.libgcc.fixed
                0x00000000        0x0 c:/program files (x86)/atmel/studio/7.0/toolchain/avr8/avr8-gnu-toolchain/bin/../lib/gcc/avr/5.4.0/avr5\libgcc.a(_exit.o)
 .text          0x00000000        0x0 c:/program files (x86)/atmel/studio/7.0/toolchain/avr8/avr8-gnu-toolchain/bin/../lib/gcc/avr/5.4.0/avr5\libgcc.a(_copy_data.o)
 .data          0x00000000        0x0 c:/program files (x86)/atmel/studio/7.0/toolchain/avr8/avr8-gnu-toolchain/bin/../lib/gcc/avr/5.4.0/avr5\libgcc.a(_copy_data.o)
 .bss           0x00000000        0x0 c:/program files (x86)/atmel/studio/7.0/toolchain/avr8/avr8-gnu-toolchain/bin/../lib/gcc/avr/5.4.0/avr5\libgcc.a(_copy_data.o)
 .text.libgcc.mul
                0x00000000        0x0 c:/program files (x86)/atmel/studio/7.0/toolchain/avr8/avr8-gnu-toolchain/bin/../lib/gcc/avr/5.4.0/avr5\libgcc.a(_copy_data.o)
 .text.libgcc.div
                0x00000000        0x0 c:/program files (x86)/atmel/studio/7.0/toolchain/avr8/avr8-gnu-toolchain/bin/../lib/gcc/avr/5.4.0/avr5\libgcc.a(_copy_data.o)
 .text.libgcc   0x00000000        0x0 c:/program files (x86)/atmel/studio/7.0/toolchain/avr8/avr8-gnu-toolchain/bin/../lib/gcc/avr/5.4.0/avr5\libgcc.a(_copy_data.o)
 .text.libgcc.prologue
                0x00000000        0x0 c:/program files (x86)/atmel/studio/7.0/toolchain/avr8/avr8-gnu-toolchain/bin/../lib/gcc/avr/5.4.0/avr5\libgcc.a(_copy_data.o)
 .text.libgcc.builtins
                0x00000000        0x0 c:/program files (x86)/atmel/studio/7.0/toolchain/avr8/avr8-gnu-toolchain/bin/../lib/gcc/avr/5.4.0/avr5\libgcc.a(_copy_data.o)
 .text.libgcc.fmul
                0x00000000        0x0 c:/program files (x86)/atmel/studio/7.0/toolchain/avr8/avr8-gnu-toolchain/bin/../lib/gcc/avr/5.4.0/avr5\libgcc.a(_copy_data.o)
 .text.libgcc.fixed
                0x00000000        0x0 c:/program files (x86)/atmel/studio/7.0/toolchain/avr8/avr8-gnu-toolchain/bin/../lib/gcc/avr/5.4.0/avr5\libgcc.a(_copy_data.o)
 .text          0x00000000        0x0 c:/program files (x86)/atmel/studio/7.0/toolchain/avr8/avr8-gnu-toolchain/bin/../lib/gcc/avr/5.4.0/avr5\libgcc.a(_clear_bss.o)
 .data          0x00000000        0x0 c:/program files (x86)/atmel/studio/7.0/toolchain/avr8/avr8-gnu-toolchain/bin/../lib/gcc/avr/5.4.0/avr5\libgcc.a(_clear_bss.o)
 .bss           0x00000000        0x0 c:/program files (x86)/atmel/studio/7.0/toolchain/avr8/avr8-gnu-toolchain/bin/../lib/gcc/avr/5.4.0/avr5\libgcc.a(_clear_bss.o)
 .text.libgcc.mul
                0x00000000        0x0 c:/program files (x86)/atmel/studio/7.0/toolchain/avr8/avr8-gnu-toolchain/bin/../lib/gcc/avr/5.4.0/avr5\libgcc.a(_clear_bss.o)
 .text.libgcc.div
                0x00000000        0x0 c:/program files (x86)/atmel/studio/7.0/toolchain/avr8/avr8-gnu-toolchain/bin/../lib/gcc/avr/5.4.0/avr5\libgcc.a(_clear_bss.o)
 .text.libgcc   0x00000000        0x0 c:/program files (x86)/atmel/studio/7.0/toolchain/avr8/avr8-gnu-toolchain/bin/../lib/gcc/avr/5.4.0/avr5\libgcc.a(_clear_bss.o)
 .text.libgcc.prologue
                0x00000000        0x0 c:/program files (x86)/atmel/studio/7.0/toolchain/avr8/avr8-gnu-toolchain/bin/../lib/gcc/avr/5.4.0/avr5\libgcc.a(_clear_bss.o)
 .text.libgcc.builtins
                0x00000000        0x0 c:/program files (x86)/atmel/studio/7.0/toolchain/avr8/avr8-gnu-toolchain/bin/../lib/gcc/avr/5.4.0/avr5\libgcc.a(_clear_bss.o)
 .text.libgcc.fmul
                0x00000000        0x0 c:/program files (x86)/atmel/studio/7.0/toolchain/avr8/avr8-gnu-toolchain/bin/../lib/gcc/avr/5.4.0/avr5\libgcc.a(_clear_bss.o)
 .text.libgcc.fixed
                0x00000000        0x0 c:/program files (x86)/atmel/studio/7.0/toolchain/avr8/avr8-gnu-toolchain/bin/../lib/gcc/avr/5.4.0/avr5\libgcc.a(_clear_bss.o)
 .text          0x00000000        0x0 c:/program files (x86)/atmel/studio/7.0/toolchain/avr8/avr8-gnu-toolchain/bin/../lib/gcc/avr/5.4.0/../../../../avr/lib/avr5\libc.a(memcpy.o)
 .data          0x00000000        0x0 c:/program files (x86)/atmel/studio/7.0/toolchain/avr8/avr8-gnu-toolchain/bin/../lib/gcc/avr/5.4.0/../../../../avr/lib/avr5\libc.a(memcpy.o)
 .bss           0x00000000        0x0 c:/program files (x86)/atmel/studio/7.0/toolchain/avr8/avr8-gnu-toolchain/bin/../lib/gcc/avr/5.4.0/../../../../avr/lib/avr5\libc.a(memcpy.o)

Memory Configuration

Name             Origin             Length             Attributes
text             0x00000000         0x00020000         xr
data             0x00800060         0x0000ffa0         rw !x
eeprom           0x00810000         0x00010000         rw !x
fuse             0x00820000         0x00000003         rw !x
lock             0x00830000         0x00000400         rw !x
signature        0x00840000         0x00000400         rw !x
user_signatures  0x00850000         0x00000400         rw !x
*default*        0x00000000         0xffffffff

Linker script and memory map

Address of section .data set to 0x800100
LOAD C:/Program Files (x86)/Atmel/Studio/7.0/Packs/atmel/ATmega_DFP/1.1.130/gcc/dev/atmega328p/avr5/crtatmega328p.o
LOAD ArduinoUnoFreertos.o
LOAD Source/croutine.o
LOAD Source/event_groups.o
LOAD Source/list.o
LOAD Source/portable/GCC/Atmega328p/port.o
LOAD Source/portable/MemMang/heap_2.o
LOAD Source/queue.o
LOAD Source/tasks.o
LOAD Source/timers.o
LOAD Source/WInterrupts.o
LOAD USART/USART.o
START GROUP
LOAD c:/program files (x86)/atmel/studio/7.0/toolchain/avr8/avr8-gnu-toolchain/bin/../lib/gcc/avr/5.4.0/../../../../avr/lib/avr5\libm.a
END GROUP
START GROUP
LOAD c:/program files (x86)/atmel/studio/7.0/toolchain/avr8/avr8-gnu-toolchain/bin/../lib/gcc/avr/5.4.0/avr5\libgcc.a
LOAD c:/program files (x86)/atmel/studio/7.0/toolchain/avr8/avr8-gnu-toolchain/bin/../lib/gcc/avr/5.4.0/../../../../avr/lib/avr5\libm.a
LOAD c:/program files (x86)/atmel/studio/7.0/toolchain/avr8/avr8-gnu-toolchain/bin/../lib/gcc/avr/5.4.0/../../../../avr/lib/avr5\libc.a
LOAD C:/Program Files (x86)/Atmel/Studio/7.0/Packs/atmel/ATmega_DFP/1.1.130/gcc/dev/atmega328p/avr5\libatmega328p.a
END GROUP
                0x00000000                __TEXT_REGION_ORIGIN__ = DEFINED (__TEXT_REGION_ORIGIN__)?__TEXT_REGION_ORIGIN__:0x0
                0x00800060                __DATA_REGION_ORIGIN__ = DEFINED (__DATA_REGION_ORIGIN__)?__DATA_REGION_ORIGIN__:0x800060
                0x00020000                __TEXT_REGION_LENGTH__ = DEFINED (__TEXT_REGION_LENGTH__)?__TEXT_REGION_LENGTH__:0x20000
                0x0000ffa0                __DATA_REGION_LENGTH__ = DEFINED (__DATA_REGION_LENGTH__)?__DATA_REGION_LENGTH__:0xffa0
                0x00010000                __EEPROM_REGION_LENGTH__ = DEFINED (__EEPROM_REGION_LENGTH__)?__EEPROM_REGION_LENGTH__:0x10000
                [0x00000003]                __FUSE_REGION_LENGTH__ = DEFINED (__FUSE_REGION_LENGTH__)?__FUSE_REGION_LENGTH__:0x400
                0x00000400                __LOCK_REGION_LENGTH__ = DEFINED (__LOCK_REGION_LENGTH__)?__LOCK_REGION_LENGTH__:0x400
                0x00000400                __SIGNATURE_REGION_LENGTH__ = DEFINED (__SIGNATURE_REGION_LENGTH__)?__SIGNATURE_REGION_LENGTH__:0x400
                0x00000400                __USER_SIGNATURE_REGION_LENGTH__ = DEFINED (__USER_SIGNATURE_REGION_LENGTH__)?__USER_SIGNATURE_REGION_LENGTH__:0x400

.hash
 *(.hash)

.dynsym
 *(.dynsym)

.dynstr
 *(.dynstr)

.gnu.version
 *(.gnu.version)

.gnu.version_d
 *(.gnu.version_d)

.gnu.version_r
 *(.gnu.version_r)

.rel.init
 *(.rel.init)

.rela.init
 *(.rela.init)

.rel.text
 *(.rel.text)
 *(.rel.text.*)
 *(.rel.gnu.linkonce.t*)

.rela.text
 *(.rela.text)
 *(.rela.text.*)
 *(.rela.gnu.linkonce.t*)

.rel.fini
 *(.rel.fini)

.rela.fini
 *(.rela.fini)

.rel.rodata
 *(.rel.rodata)
 *(.rel.rodata.*)
 *(.rel.gnu.linkonce.r*)

.rela.rodata
 *(.rela.rodata)
 *(.rela.rodata.*)
 *(.rela.gnu.linkonce.r*)

.rel.data
 *(.rel.data)
 *(.rel.data.*)
 *(.rel.gnu.linkonce.d*)

.rela.data
 *(.rela.data)
 *(.rela.data.*)
 *(.rela.gnu.linkonce.d*)

.rel.ctors
 *(.rel.ctors)

.rela.ctors
 *(.rela.ctors)

.rel.dtors
 *(.rel.dtors)

.rela.dtors
 *(.rela.dtors)

.rel.got
 *(.rel.got)

.rela.got
 *(.rela.got)

.rel.bss
 *(.rel.bss)

.rela.bss
 *(.rela.bss)

.rel.plt
 *(.rel.plt)

.rela.plt
 *(.rela.plt)

.text           0x00000000     0x17c2
 *(.vectors)
 .vectors       0x00000000       0x68 C:/Program Files (x86)/Atmel/Studio/7.0/Packs/atmel/ATmega_DFP/1.1.130/gcc/dev/atmega328p/avr5/crtatmega328p.o
                0x00000000                __vector_default
                0x00000000                __vectors
 *(.vectors)
 *(.progmem.gcc*)
                0x00000068                . = ALIGN (0x2)
                0x00000068                __trampolines_start = .
 *(.trampolines)
 .trampolines   0x00000068        0x0 linker stubs
 *(.trampolines*)
                0x00000068                __trampolines_end = .
 *libprintf_flt.a:*(.progmem.data)
 *libc.a:*(.progmem.data)
 *(.progmem*)
                0x00000068                . = ALIGN (0x2)
 *(.jumptables)
 *(.jumptables*)
 *(.lowtext)
 *(.lowtext*)
                0x00000068                __ctors_start = .
 *(.ctors)
                0x00000068                __ctors_end = .
                0x00000068                __dtors_start = .
 *(.dtors)
                0x00000068                __dtors_end = .
 SORT(*)(.ctors)
 SORT(*)(.dtors)
 *(.init0)
 .init0         0x00000068        0x0 C:/Program Files (x86)/Atmel/Studio/7.0/Packs/atmel/ATmega_DFP/1.1.130/gcc/dev/atmega328p/avr5/crtatmega328p.o
                0x00000068                __init
 *(.init0)
 *(.init1)
 *(.init1)
 *(.init2)
 .init2         0x00000068        0xc C:/Program Files (x86)/Atmel/Studio/7.0/Packs/atmel/ATmega_DFP/1.1.130/gcc/dev/atmega328p/avr5/crtatmega328p.o
 *(.init2)
 *(.init3)
 *(.init3)
 *(.init4)
 .init4         0x00000074       0x16 c:/program files (x86)/atmel/studio/7.0/toolchain/avr8/avr8-gnu-toolchain/bin/../lib/gcc/avr/5.4.0/avr5\libgcc.a(_copy_data.o)
                0x00000074                __do_copy_data
 .init4         0x0000008a       0x10 c:/program files (x86)/atmel/studio/7.0/toolchain/avr8/avr8-gnu-toolchain/bin/../lib/gcc/avr/5.4.0/avr5\libgcc.a(_clear_bss.o)
                0x0000008a                __do_clear_bss
 *(.init4)
 *(.init5)
 *(.init5)
 *(.init6)
 *(.init6)
 *(.init7)
 *(.init7)
 *(.init8)
 *(.init8)
 *(.init9)
 .init9         0x0000009a        0x8 C:/Program Files (x86)/Atmel/Studio/7.0/Packs/atmel/ATmega_DFP/1.1.130/gcc/dev/atmega328p/avr5/crtatmega328p.o
 *(.init9)
 *(.text)
 .text          0x000000a2        0x4 C:/Program Files (x86)/Atmel/Studio/7.0/Packs/atmel/ATmega_DFP/1.1.130/gcc/dev/atmega328p/avr5/crtatmega328p.o
                0x000000a2                __vector_22
                0x000000a2                __vector_24
                0x000000a2                __vector_12
                0x000000a2                __bad_interrupt
                0x000000a2                __vector_6
                0x000000a2                __vector_3
                0x000000a2                __vector_23
                0x000000a2                __vector_25
                0x000000a2                __vector_13
                0x000000a2                __vector_17
                0x000000a2                __vector_19
                0x000000a2                __vector_7
                0x000000a2                __vector_5
                0x000000a2                __vector_4
                0x000000a2                __vector_9
                0x000000a2                __vector_21
                0x000000a2                __vector_15
                0x000000a2                __vector_8
                0x000000a2                __vector_14
                0x000000a2                __vector_10
                0x000000a2                __vector_16
                0x000000a2                __vector_18
                0x000000a2                __vector_20
                0x000000a6                . = ALIGN (0x2)
 *(.text.*)
 .text.vReceiverTask
                0x000000a6       0x56 ArduinoUnoFreertos.o
 .text.vGetNextTrack
                0x000000fc       0xcc ArduinoUnoFreertos.o
 .text.main     0x000001c8       0x60 ArduinoUnoFreertos.o
                0x000001c8                main
 .text.vListInitialise
                0x00000228       0x1c Source/list.o
                0x00000228                vListInitialise
 .text.vListInitialiseItem
                0x00000244        0x8 Source/list.o
                0x00000244                vListInitialiseItem
 .text.vListInsertEnd
                0x0000024c       0x42 Source/list.o
                0x0000024c                vListInsertEnd
 .text.vListInsert
                0x0000028e       0x62 Source/list.o
                0x0000028e                vListInsert
 .text.uxListRemove
                0x000002f0       0x4c Source/list.o
                0x000002f0                uxListRemove
 .text.pxPortInitialiseStack
                0x0000033c       0xd8 Source/portable/GCC/Atmega328p/port.o
                0x0000033c                pxPortInitialiseStack
 .text.xPortStartScheduler
                0x00000414       0x74 Source/portable/GCC/Atmega328p/port.o
                0x00000414                xPortStartScheduler
 .text.vPortYield
                0x00000488       0xb2 Source/portable/GCC/Atmega328p/port.o
                0x00000488                vPortYield
 .text.vPortYieldFromTick
                0x0000053a       0xb8 Source/portable/GCC/Atmega328p/port.o
                0x0000053a                vPortYieldFromTick
 .text.__vector_11
                0x000005f2        0x6 Source/portable/GCC/Atmega328p/port.o
                0x000005f2                __vector_11
 .text.pvPortMalloc
                0x000005f8      0x134 Source/portable/MemMang/heap_2.o
                0x000005f8                pvPortMalloc
 .text.vPortFree
                0x0000072c       0x66 Source/portable/MemMang/heap_2.o
                0x0000072c                vPortFree
 .text.prvCopyDataToQueue
                0x00000792       0xc0 Source/queue.o
 .text.prvCopyDataFromQueue
                0x00000852       0x34 Source/queue.o
 .text.prvUnlockQueue
                0x00000886       0x98 Source/queue.o
 .text.xQueueGenericReset
                0x0000091e       0x7a Source/queue.o
                0x0000091e                xQueueGenericReset
 .text.xQueueGenericCreate
                0x00000998       0x58 Source/queue.o
                0x00000998                xQueueGenericCreate
 .text.xQueueGenericSendFromISR
                0x000009f0       0x70 Source/queue.o
                0x000009f0                xQueueGenericSendFromISR
 .text.xQueueGenericReceive
                0x00000a60      0x186 Source/queue.o
                0x00000a60                xQueueGenericReceive
 .text.prvResetNextTaskUnblockTime
                0x00000be6       0x3e Source/tasks.o
 .text.prvAddCurrentTaskToDelayedList
                0x00000c24       0x6e Source/tasks.o
 .text.xTaskGenericCreate
                0x00000c92      0x21c Source/tasks.o
                0x00000c92                xTaskGenericCreate
 .text.vTaskStartScheduler
                0x00000eae       0x5e Source/tasks.o
                0x00000eae                vTaskStartScheduler
 .text.vTaskSuspendAll
                0x00000f0c        0xc Source/tasks.o
                0x00000f0c                vTaskSuspendAll
 .text.xTaskGetTickCount
                0x00000f18       0x14 Source/tasks.o
                0x00000f18                xTaskGetTickCount
 .text.xTaskGetTickCountFromISR
                0x00000f2c        0xa Source/tasks.o
                0x00000f2c                xTaskGetTickCountFromISR
 .text.xTaskIncrementTick
                0x00000f36      0x17a Source/tasks.o
                0x00000f36                xTaskIncrementTick
 .text.xTaskResumeAll
                0x000010b0      0x104 Source/tasks.o
                0x000010b0                xTaskResumeAll
 .text.vTaskDelayUntil
                0x000011b4       0x84 Source/tasks.o
                0x000011b4                vTaskDelayUntil
 .text.prvIdleTask
                0x00001238       0x7a Source/tasks.o
 .text.vTaskSwitchContext
                0x000012b2       0xda Source/tasks.o
                0x000012b2                vTaskSwitchContext
 .text.vTaskPlaceOnEventList
                0x0000138c       0x58 Source/tasks.o
                0x0000138c                vTaskPlaceOnEventList
 .text.xTaskRemoveFromEventList
                0x000013e4       0x90 Source/tasks.o
                0x000013e4                xTaskRemoveFromEventList
 .text.vTaskSetTimeOutState
                0x00001474       0x16 Source/tasks.o
                0x00001474                vTaskSetTimeOutState
 .text.xTaskCheckForTimeOut
                0x0000148a       0x72 Source/tasks.o
                0x0000148a                xTaskCheckForTimeOut
 .text.vTaskMissedYield
                0x000014fc        0x8 Source/tasks.o
                0x000014fc                vTaskMissedYield
 .text.vTaskPriorityInherit
                0x00001504       0xc4 Source/tasks.o
                0x00001504                vTaskPriorityInherit
 .text.xTaskPriorityDisinherit
                0x000015c8       0x80 Source/tasks.o
                0x000015c8                xTaskPriorityDisinherit
 .text.pvTaskIncrementMutexHeldCount
                0x00001648       0x24 Source/tasks.o
                0x00001648                pvTaskIncrementMutexHeldCount
 .text.attachInterrupt
                0x0000166c       0x46 Source/WInterrupts.o
                0x0000166c                attachInterrupt
 .text.__vector_1
                0x000016b2       0x5a Source/WInterrupts.o
                0x000016b2                __vector_1
 .text.__vector_2
                0x0000170c       0x5a Source/WInterrupts.o
                0x0000170c                __vector_2
 .text.USART_init
                0x00001766       0x18 USART/USART.o
                0x00001766                USART_init
 .text.USART_send
                0x0000177e       0x10 USART/USART.o
                0x0000177e                USART_send
 .text.USART_sendstr
                0x0000178e       0x1e USART/USART.o
                0x0000178e                USART_sendstr
 .text.avr-libc
                0x000017ac       0x12 c:/program files (x86)/atmel/studio/7.0/toolchain/avr8/avr8-gnu-toolchain/bin/../lib/gcc/avr/5.4.0/../../../../avr/lib/avr5\libc.a(memcpy.o)
                0x000017ac                memcpy
                0x000017be                . = ALIGN (0x2)
 *(.fini9)
 .fini9         0x000017be        0x0 c:/program files (x86)/atmel/studio/7.0/toolchain/avr8/avr8-gnu-toolchain/bin/../lib/gcc/avr/5.4.0/avr5\libgcc.a(_exit.o)
                0x000017be                _exit
                0x000017be                exit
 *(.fini9)
 *(.fini8)
 *(.fini8)
 *(.fini7)
 *(.fini7)
 *(.fini6)
 *(.fini6)
 *(.fini5)
 *(.fini5)
 *(.fini4)
 *(.fini4)
 *(.fini3)
 *(.fini3)
 *(.fini2)
 *(.fini2)
 *(.fini1)
 *(.fini1)
 *(.fini0)
 .fini0         0x000017be        0x4 c:/program files (x86)/atmel/studio/7.0/toolchain/avr8/avr8-gnu-toolchain/bin/../lib/gcc/avr/5.4.0/avr5\libgcc.a(_exit.o)
 *(.fini0)
                0x000017c2                _etext = .

.data           0x00800100       0x84 load address 0x000017c2
                0x00800100                PROVIDE (__data_start, .)
 *(.data)
 *(.data*)
 .data.playList
                0x00800100        0xa ArduinoUnoFreertos.o
                0x00800100                playList
 .data.xFreeBytesRemaining
                0x0080010a        0x2 Source/portable/MemMang/heap_2.o
 .data.xNextTaskUnblockTime
                0x0080010c        0x2 Source/tasks.o
 *(.gnu.linkonce.d*)
 *(.rodata)
 *(.rodata*)
 .rodata.str1.1
                0x0080010e       0x65 ArduinoUnoFreertos.o
 .rodata.str1.1
                0x00800173       0x10 Source/tasks.o
 *(.gnu.linkonce.r*)
                0x00800184                . = ALIGN (0x2)
 *fill*         0x00800183        0x1 
                0x00800184                _edata = .
                0x00800184                PROVIDE (__data_end, .)

.bss            0x00800184      0x64c
                0x00800184                PROVIDE (__bss_start, .)
 *(.bss)
 *(.bss*)
 .bss.playListIndex
                0x00800184        0x2 ArduinoUnoFreertos.o
                0x00800184                playListIndex
 .bss.xHeapHasBeenInitialised.2023
                0x00800186        0x1 Source/portable/MemMang/heap_2.o
 .bss.xEnd      0x00800187        0x4 Source/portable/MemMang/heap_2.o
 .bss.xStart    0x0080018b        0x4 Source/portable/MemMang/heap_2.o
 .bss.ucHeap    0x0080018f      0x5dc Source/portable/MemMang/heap_2.o
 .bss.uxSchedulerSuspended
                0x0080076b        0x1 Source/tasks.o
 .bss.uxTaskNumber
                0x0080076c        0x1 Source/tasks.o
 .bss.xNumOfOverflows
                0x0080076d        0x1 Source/tasks.o
 .bss.xYieldPending
                0x0080076e        0x1 Source/tasks.o
 .bss.uxPendedTicks
                0x0080076f        0x1 Source/tasks.o
 .bss.xSchedulerRunning
                0x00800770        0x1 Source/tasks.o
 .bss.uxTopReadyPriority
                0x00800771        0x1 Source/tasks.o
 .bss.xTickCount
                0x00800772        0x2 Source/tasks.o
 .bss.uxCurrentNumberOfTasks
                0x00800774        0x1 Source/tasks.o
 .bss.xIdleTaskHandle
                0x00800775        0x2 Source/tasks.o
 .bss.xSuspendedTaskList
                0x00800777        0x9 Source/tasks.o
 .bss.uxTasksDeleted
                0x00800780        0x1 Source/tasks.o
 .bss.xTasksWaitingTermination
                0x00800781        0x9 Source/tasks.o
 .bss.xPendingReadyList
                0x0080078a        0x9 Source/tasks.o
 .bss.pxOverflowDelayedTaskList
                0x00800793        0x2 Source/tasks.o
 .bss.pxDelayedTaskList
                0x00800795        0x2 Source/tasks.o
 .bss.xDelayedTaskList2
                0x00800797        0x9 Source/tasks.o
 .bss.xDelayedTaskList1
                0x008007a0        0x9 Source/tasks.o
 .bss.pxReadyTasksLists
                0x008007a9       0x1b Source/tasks.o
 .bss.pxCurrentTCB
                0x008007c4        0x2 Source/tasks.o
                0x008007c4                pxCurrentTCB
 .bss.intFunc   0x008007c6        0x4 Source/WInterrupts.o
 *(COMMON)
 COMMON         0x008007ca        0x6 ArduinoUnoFreertos.o
                0x008007ca                lastInterrupt
                0x008007ce                xQueue
                0x008007d0                PROVIDE (__bss_end, .)
                0x000017c2                __data_load_start = LOADADDR (.data)
                0x00001846                __data_load_end = (__data_load_start + SIZEOF (.data))

.noinit         0x008007d0        0x0
                [!provide]                PROVIDE (__noinit_start, .)
 *(.noinit*)
                [!provide]                PROVIDE (__noinit_end, .)
                0x008007d0                _end = .
                [!provide]                PROVIDE (__heap_start, .)

.eeprom         0x00810000        0x0
 *(.eeprom*)
                0x00810000                __eeprom_end = .

.fuse
 *(.fuse)
 *(.lfuse)
 *(.hfuse)
 *(.efuse)

.lock
 *(.lock*)

.signature
 *(.signature*)

.user_signatures
 *(.user_signatures*)

.stab
 *(.stab)

.stabstr
 *(.stabstr)

.stab.excl
 *(.stab.excl)

.stab.exclstr
 *(.stab.exclstr)

.stab.index
 *(.stab.index)

.stab.indexstr
 *(.stab.indexstr)

.comment        0x00000000       0x30
 *(.comment)
 .comment       0x00000000       0x30 ArduinoUnoFreertos.o
                                 0x31 (size before relaxing)
 .comment       0x00000030       0x31 Source/list.o
 .comment       0x00000030       0x31 Source/portable/GCC/Atmega328p/port.o
 .comment       0x00000030       0x31 Source/portable/MemMang/heap_2.o
 .comment       0x00000030       0x31 Source/queue.o
 .comment       0x00000030       0x31 Source/tasks.o
 .comment       0x00000030       0x31 Source/WInterrupts.o
 .comment       0x00000030       0x31 USART/USART.o

.note.gnu.avr.deviceinfo
                0x00000000       0x40
 .note.gnu.avr.deviceinfo
                0x00000000       0x40 C:/Program Files (x86)/Atmel/Studio/7.0/Packs/atmel/ATmega_DFP/1.1.130/gcc/dev/atmega328p/avr5/crtatmega328p.o

.note.gnu.build-id
 *(.note.gnu.build-id)

.debug
 *(.debug)

.line
 *(.line)

.debug_srcinfo
 *(.debug_srcinfo)

.debug_sfnames
 *(.debug_sfnames)

.debug_aranges  0x00000000      0x398
 *(.debug_aranges)
 .debug_aranges
                0x00000000       0x30 ArduinoUnoFreertos.o
 .debug_aranges
                0x00000030       0x40 Source/list.o
 .debug_aranges
                0x00000070       0x48 Source/portable/GCC/Atmega328p/port.o
 .debug_aranges
                0x000000b8       0x38 Source/portable/MemMang/heap_2.o
 .debug_aranges
                0x000000f0       0xc8 Source/queue.o
 .debug_aranges
                0x000001b8      0x170 Source/tasks.o
 .debug_aranges
                0x00000328       0x38 Source/WInterrupts.o
 .debug_aranges
                0x00000360       0x38 USART/USART.o

.debug_pubnames
 *(.debug_pubnames)

.debug_info     0x00000000     0x464e
 *(.debug_info .gnu.linkonce.wi.*)
 .debug_info    0x00000000      0x5f4 C:/Program Files (x86)/Atmel/Studio/7.0/Packs/atmel/ATmega_DFP/1.1.130/gcc/dev/atmega328p/avr5/crtatmega328p.o
 .debug_info    0x000005f4      0x42b ArduinoUnoFreertos.o
 .debug_info    0x00000a1f      0x2c6 Source/list.o
 .debug_info    0x00000ce5      0x263 Source/portable/GCC/Atmega328p/port.o
 .debug_info    0x00000f48      0x33a Source/portable/MemMang/heap_2.o
 .debug_info    0x00001282     0x130a Source/queue.o
 .debug_info    0x0000258c     0x1e5d Source/tasks.o
 .debug_info    0x000043e9      0x15a Source/WInterrupts.o
 .debug_info    0x00004543      0x10b USART/USART.o

.debug_abbrev   0x00000000     0x122b
 *(.debug_abbrev)
 .debug_abbrev  0x00000000      0x5a2 C:/Program Files (x86)/Atmel/Studio/7.0/Packs/atmel/ATmega_DFP/1.1.130/gcc/dev/atmega328p/avr5/crtatmega328p.o
 .debug_abbrev  0x000005a2      0x17e ArduinoUnoFreertos.o
 .debug_abbrev  0x00000720       0xf8 Source/list.o
 .debug_abbrev  0x00000818      0x155 Source/portable/GCC/Atmega328p/port.o
 .debug_abbrev  0x0000096d      0x1ba Source/portable/MemMang/heap_2.o
 .debug_abbrev  0x00000b27      0x235 Source/queue.o
 .debug_abbrev  0x00000d5c      0x32e Source/tasks.o
 .debug_abbrev  0x0000108a       0xc1 Source/WInterrupts.o
 .debug_abbrev  0x0000114b       0xe0 USART/USART.o

.debug_line     0x00000000     0x28ee
 *(.debug_line .debug_line.* .debug_line_end)
 .debug_line    0x00000000      0x133 C:/Program Files (x86)/Atmel/Studio/7.0/Packs/atmel/ATmega_DFP/1.1.130/gcc/dev/atmega328p/avr5/crtatmega328p.o
 .debug_line    0x00000133      0x1cd ArduinoUnoFreertos.o
 .debug_line    0x00000300      0x208 Source/list.o
 .debug_line    0x00000508      0x2dd Source/portable/GCC/Atmega328p/port.o
 .debug_line    0x000007e5      0x2ca Source/portable/MemMang/heap_2.o
 .debug_line    0x00000aaf      0xa74 Source/queue.o
 .debug_line    0x00001523     0x1124 Source/tasks.o
 .debug_line    0x00002647      0x171 Source/WInterrupts.o
 .debug_line    0x000027b8      0x136 USART/USART.o

.debug_frame    0x00000000      0xb20
 *(.debug_frame)
 .debug_frame   0x00000000       0x64 ArduinoUnoFreertos.o
 .debug_frame   0x00000064       0x88 Source/list.o
 .debug_frame   0x000000ec       0x74 Source/portable/GCC/Atmega328p/port.o
 .debug_frame   0x00000160       0x7c Source/portable/MemMang/heap_2.o
 .debug_frame   0x000001dc      0x2c8 Source/queue.o
 .debug_frame   0x000004a4      0x538 Source/tasks.o
 .debug_frame   0x000009dc       0xe4 Source/WInterrupts.o
 .debug_frame   0x00000ac0       0x60 USART/USART.o

.debug_str      0x00000000     0x1691
 *(.debug_str)
 .debug_str     0x00000000      0x208 C:/Program Files (x86)/Atmel/Studio/7.0/Packs/atmel/ATmega_DFP/1.1.130/gcc/dev/atmega328p/avr5/crtatmega328p.o
 .debug_str     0x00000208      0x2ed ArduinoUnoFreertos.o
                                0x345 (size before relaxing)
 .debug_str     0x000004f5      0x188 Source/list.o
                                0x2b9 (size before relaxing)
 .debug_str     0x0000067d      0x132 Source/portable/GCC/Atmega328p/port.o
                                0x2d4 (size before relaxing)
 .debug_str     0x000007af      0x17e Source/portable/MemMang/heap_2.o
                                0x31c (size before relaxing)
 .debug_str     0x0000092d      0x4b2 Source/queue.o
                                0x7c5 (size before relaxing)
 .debug_str     0x00000ddf      0x816 Source/tasks.o
                                0xd4f (size before relaxing)
 .debug_str     0x000015f5       0x6d Source/WInterrupts.o
                                0x1f3 (size before relaxing)
 .debug_str     0x00001662       0x2f USART/USART.o
                                0x1b0 (size before relaxing)

.debug_loc      0x00000000     0x440d
 *(.debug_loc)
 .debug_loc     0x00000000       0xc9 ArduinoUnoFreertos.o
 .debug_loc     0x000000c9      0x145 Source/list.o
 .debug_loc     0x0000020e      0x2a0 Source/portable/GCC/Atmega328p/port.o
 .debug_loc     0x000004ae      0x2ef Source/portable/MemMang/heap_2.o
 .debug_loc     0x0000079d     0x19ea Source/queue.o
 .debug_loc     0x00002187     0x1fc4 Source/tasks.o
 .debug_loc     0x0000414b      0x214 Source/WInterrupts.o
 .debug_loc     0x0000435f       0xae USART/USART.o

.debug_macinfo
 *(.debug_macinfo)

.debug_weaknames
 *(.debug_weaknames)

.debug_funcnames
 *(.debug_funcnames)

.debug_typenames
 *(.debug_typenames)

.debug_varnames
 *(.debug_varnames)

.debug_pubtypes
 *(.debug_pubtypes)

.debug_ranges   0x00000000      0x3a8
 *(.debug_ranges)
 .debug_ranges  0x00000000       0x20 ArduinoUnoFreertos.o
 .debug_ranges  0x00000020       0x30 Source/list.o
 .debug_ranges  0x00000050       0x38 Source/portable/GCC/Atmega328p/port.o
 .debug_ranges  0x00000088       0x28 Source/portable/MemMang/heap_2.o
 .debug_ranges  0x000000b0       0xb8 Source/queue.o
 .debug_ranges  0x00000168      0x1f0 Source/tasks.o
 .debug_ranges  0x00000358       0x28 Source/WInterrupts.o
 .debug_ranges  0x00000380       0x28 USART/USART.o

.debug_macro
 *(.debug_macro)
OUTPUT(ArduinoUnoFreertos_6_1(2).elf elf32-avr)
LOAD linker stubs
